16:42:57 **** Incremental Build of configuration Debug for project hello_world ****
make -j12 all 
arm-none-eabi-size   hello_world.elf 
   text	   data	    bss	    dec	    hex	filename
   5900	     20	   1572	   7492	   1d44	hello_world.elf
Finished building: default.size.stdout
 
16:44:47 **** Incremental Build of configuration Debug for project hello_world ****
make -j12 all 
arm-none-eabi-size   hello_world.elf 
   text	   data	    bss	    dec	    hex	filename
   5900	     20	   1572	   7492	   1d44	hello_world.elf
Finished building: default.size.stdout
 
16:45:08 **** Incremental Build of configuration Debug for project hello_world ****
make -j12 all 
arm-none-eabi-size   hello_world.elf 
   text	   data	    bss	    dec	    hex	filename
   5900	     20	   1572	   7492	   1d44	hello_world.elf
Finished building: default.size.stdout
 
16:46:55 **** Incremental Build of configuration Debug for project hello_world ****
make -j12 all 
arm-none-eabi-gcc "../Core/Src/main.c" -mcpu=cortex-m4 -std=gnu11 -g3 -DDEBUG -DUSE_HAL_DRIVER -DSTM32F427xx -c -I../Core/Inc -I../Drivers/STM32F4xx_HAL_Driver/Inc -I../Drivers/STM32F4xx_HAL_Driver/Inc/Legacy -I../Drivers/CMSIS/Device/ST/STM32F4xx/Include -I../Drivers/CMSIS/Include -O0 -ffunction-sections -fdata-sections -Wall -fstack-usage -MMD -MP -MF"Core/Src/main.d" -MT"Core/Src/main.o" --specs=nano.specs -mfpu=fpv4-sp-d16 -mfloat-abi=hard -mthumb -o "Core/Src/main.o"
arm-none-eabi-gcc -o "hello_world.elf" @"objects.list"   -mcpu=cortex-m4 -T"C:\Users\79215\Desktop\ITMO\proektirovanie_vichislitelnih_system\test_workspace\hello_world\STM32F427VITX_FLASH.ld" --specs=nosys.specs -Wl,-Map="hello_world.map" -Wl,--gc-sections -static --specs=nano.specs -mfpu=fpv4-sp-d16 -mfloat-abi=hard -mthumb -Wl,--start-group -lc -lm -Wl,--end-group
Finished building target: hello_world.elf
 
arm-none-eabi-size   hello_world.elf 
arm-none-eabi-objdump -h -S  hello_world.elf  > "hello_world.list"
   text	   data	    bss	    dec	    hex	filename
   5900	     20	   1572	   7492	   1d44	hello_world.elf
Finished building: default.size.stdout
 
Finished building: hello_world.list
 
16:47:51 **** Incremental Build of configuration Debug for project hello_world ****
make -j12 all 
arm-none-eabi-gcc "../Core/Src/main.c" -mcpu=cortex-m4 -std=gnu11 -g3 -DDEBUG -DUSE_HAL_DRIVER -DSTM32F427xx -c -I../Core/Inc -I../Drivers/STM32F4xx_HAL_Driver/Inc -I../Drivers/STM32F4xx_HAL_Driver/Inc/Legacy -I../Drivers/CMSIS/Device/ST/STM32F4xx/Include -I../Drivers/CMSIS/Include -O0 -ffunction-sections -fdata-sections -Wall -fstack-usage -MMD -MP -MF"Core/Src/main.d" -MT"Core/Src/main.o" --specs=nano.specs -mfpu=fpv4-sp-d16 -mfloat-abi=hard -mthumb -o "Core/Src/main.o"
arm-none-eabi-gcc -o "hello_world.elf" @"objects.list"   -mcpu=cortex-m4 -T"C:\Users\79215\Desktop\ITMO\proektirovanie_vichislitelnih_system\test_workspace\hello_world\STM32F427VITX_FLASH.ld" --specs=nosys.specs -Wl,-Map="hello_world.map" -Wl,--gc-sections -static --specs=nano.specs -mfpu=fpv4-sp-d16 -mfloat-abi=hard -mthumb -Wl,--start-group -lc -lm -Wl,--end-group
Finished building target: hello_world.elf
 
arm-none-eabi-size   hello_world.elf 
arm-none-eabi-objdump -h -S  hello_world.elf  > "hello_world.list"
   text	   data	    bss	    dec	    hex	filename
   5900	     20	   1572	   7492	   1d44	hello_world.elf
Finished building: default.size.stdout
 
Finished building: hello_world.list
 
